// Jest Snapshot v1, https://goo.gl/fbAQLP

exports[`MovieCard correctly renders after relaunch 1`] = `
<article
  className="small-movie-card catalog__movies-card"
  onClick={[Function]}
  onMouseEnter={[Function]}
>
  <div
    className="small-movie-card__image"
  >
    <img
      alt="Macbeth"
      height="175"
      src=""
      width="280"
    />
  </div>
  <h3
    className="small-movie-card__title"
  >
    <a
      className="small-movie-card__link"
      href="movie-page.html"
    >
      Macbeth
    </a>
  </h3>
</article>
`;
