// Jest Snapshot v1, https://goo.gl/fbAQLP

exports[`App correctly renders after relaunch 1`] = `
<ul
  className="catalog__genres-list"
>
  <li
    className="catalog__genres-item"
    onActiveChange={[Function]}
  >
    <a
      className="catalog__genres-link"
      href="#"
      id="Comedy"
    >
      Comedy
    </a>
  </li>
  <li
    className="catalog__genres-item"
    onActiveChange={[Function]}
  >
    <a
      className="catalog__genres-link"
      href="#"
      id="Drama"
    >
      Drama
    </a>
  </li>
</ul>
`;
