// Jest Snapshot v1, https://goo.gl/fbAQLP

exports[`MovieCard correctly renders after relaunch 1`] = `
<article
  className="small-movie-card catalog__movies-card"
  onMouseEnter={[Function]}
  onMouseLeave={[Function]}
>
  <a
    className="small-movie-card__link"
    href="/films/1"
    onClick={[Function]}
  >
    <div
      className="small-movie-card__image"
    >
      <video
        className=""
        controls={false}
        height="180"
        muted={true}
        poster=""
        width="280"
      >
        <source
          src=""
          type="video/mp4"
        />
      </video>
    </div>
    <h3
      className="small-movie-card__title"
    >
      Macbeth
    </h3>
  </a>
</article>
`;
